// Jest Snapshot v1, https://goo.gl/fbAQLP

exports[`--write with --log-level=silent doesn't log filenames (stderr) 1`] = `""`;

exports[`--write with --log-level=silent doesn't log filenames (stdout) 1`] = `""`;

exports[`--write with --log-level=silent doesn't log filenames (write) 1`] = `
[
  {
    "content": "var x = 1;
",
    "filename": "unformatted.js",
  },
]
`;

exports[`Should use default level logger to log \`--log-level\` error (stderr) 1`] = `"[error] Invalid --log-level value. Expected "debug", "error", "log", "silent" or "warn", but received "a-unknown-log-level"."`;
